// Jest Snapshot v1, https://goo.gl/fbAQLP

exports[`accepts a query 1`] = `"{\\"data\\":{\\"me\\":null}}"`;
